test_fairness_degradation_bound_rejection (tests.test_fairbias_enhancement.TestFairAccuracyEnhancement.test_fairness_degradation_bound_rejection) ... ok
test_monotonic_exponent_tracking_no_oscillation (tests.test_fairbias_enhancement.TestFairAccuracyEnhancement.test_monotonic_exponent_tracking_no_oscillation) ... ok
test_ranking_identifies_top_feature (tests.test_fairbias_enhancement.TestFairAccuracyEnhancement.test_ranking_identifies_top_feature) ... ok
test_successful_enhancement_improves_utility (tests.test_fairbias_enhancement.TestFairAccuracyEnhancement.test_successful_enhancement_improves_utility) ... ok
test_utility_rejection_when_score_drops (tests.test_fairbias_enhancement.TestFairAccuracyEnhancement.test_utility_rejection_when_score_drops) ... ok
test_compute_group_fairness_gaps (tests.test_nhis_d8_enhancement.TestD8EnhancementRunner.test_compute_group_fairness_gaps) ... ok
test_runner_smoke_test_arm1 (tests.test_nhis_d8_enhancement.TestD8EnhancementRunner.test_runner_smoke_test_arm1) ... ok
test_all_features_dropped_returns_explicit_invalid_status (tests.test_fairbias_enhancement_contracts.TestFairBiasEnhancementContracts.test_all_features_dropped_returns_explicit_invalid_status) ... ok
test_audit_event_logged_for_every_candidate (tests.test_fairbias_enhancement_contracts.TestFairBiasEnhancementContracts.test_audit_event_logged_for_every_candidate) ... ok
test_backward_compatibility_ae_disabled (tests.test_fairbias_enhancement_contracts.TestFairBiasEnhancementContracts.test_backward_compatibility_ae_disabled) ... ok
test_category_mapping_conflicting_keys_rejected (tests.test_fairbias_enhancement_contracts.TestFairBiasEnhancementContracts.test_category_mapping_conflicting_keys_rejected) ... ok
test_category_mapping_json_round_trip (tests.test_fairbias_enhancement_contracts.TestFairBiasEnhancementContracts.test_category_mapping_json_round_trip) ... ok
test_category_mapping_preserves_string_categories (tests.test_fairbias_enhancement_contracts.TestFairBiasEnhancementContracts.test_category_mapping_preserves_string_categories) ... ok
test_category_mapping_transitive_composition (tests.test_fairbias_enhancement_contracts.TestFairBiasEnhancementContracts.test_category_mapping_transitive_composition) ... ok
test_column_dropped_allows_evaluation_of_remaining_features (tests.test_fairbias_enhancement_contracts.TestFairBiasEnhancementContracts.test_column_dropped_allows_evaluation_of_remaining_features) ... ok
test_configured_classifier_matches_utility_oracle_dt (tests.test_fairbias_enhancement_contracts.TestFairBiasEnhancementContracts.test_configured_classifier_matches_utility_oracle_dt) ... ok
test_cycle_detection (tests.test_fairbias_enhancement_contracts.TestFairBiasEnhancementContracts.test_cycle_detection) ... ok
test_explicit_error_on_non_finite_output (tests.test_fairbias_enhancement_contracts.TestFairBiasEnhancementContracts.test_explicit_error_on_non_finite_output) ... ok
test_explicit_error_on_single_class_selection (tests.test_fairbias_enhancement_contracts.TestFairBiasEnhancementContracts.test_explicit_error_on_single_class_selection) ... ok
test_fairness_guard_boundary_and_rejection (tests.test_fairbias_enhancement_contracts.TestFairBiasEnhancementContracts.test_fairness_guard_boundary_and_rejection) ... ok
test_feature_ranking_uses_only_fit_partition (tests.test_fairbias_enhancement_contracts.TestFairBiasEnhancementContracts.test_feature_ranking_uses_only_fit_partition) ... ok
test_index_contract_validation (tests.test_fairbias_enhancement_contracts.TestFairBiasEnhancementContracts.test_index_contract_validation) ... ok
test_infinite_slack_is_invalid (tests.test_fairbias_enhancement_contracts.TestFairBiasEnhancementContracts.test_infinite_slack_is_invalid) ... ok
test_invalid_baseline_must_reach_caller_as_failure (tests.test_fairbias_enhancement_contracts.TestFairBiasEnhancementContracts.test_invalid_baseline_must_reach_caller_as_failure) ... ok
test_missing_probabilities_not_replaced_with_hard_predictions (tests.test_fairbias_enhancement_contracts.TestFairBiasEnhancementContracts.test_missing_probabilities_not_replaced_with_hard_predictions) ... ok
test_missing_protected_data_cannot_disable_enabled_guard (tests.test_fairbias_enhancement_contracts.TestFairBiasEnhancementContracts.test_missing_protected_data_cannot_disable_enabled_guard) ... ok
test_nan_after_finite_entry_is_invalid (tests.test_fairbias_enhancement_contracts.TestFairBiasEnhancementContracts.test_nan_after_finite_entry_is_invalid) ... ok
test_only_committed_candidate_logged_accepted (tests.test_fairbias_enhancement_contracts.TestFairBiasEnhancementContracts.test_only_committed_candidate_logged_accepted) ... ok
test_original_drop_bug_fixed_with_arithmetic_oracle (tests.test_fairbias_enhancement_contracts.TestFairBiasEnhancementContracts.test_original_drop_bug_fixed_with_arithmetic_oracle) ... ok
test_partial_geometry_is_invalid (tests.test_fairbias_enhancement_contracts.TestFairBiasEnhancementContracts.test_partial_geometry_is_invalid) ... ok
test_partition_contract_identical_transforms_and_scaler_isolation (tests.test_fairbias_enhancement_contracts.TestFairBiasEnhancementContracts.test_partition_contract_identical_transforms_and_scaler_isolation) ... ok
test_partition_fingerprint_binds_values_and_labels (tests.test_fairbias_enhancement_contracts.TestFairBiasEnhancementContracts.test_partition_fingerprint_binds_values_and_labels) ... ok
test_protected_index_alignment_is_validated (tests.test_fairbias_enhancement_contracts.TestFairBiasEnhancementContracts.test_protected_index_alignment_is_validated) ... ok
test_selection_score_matches_independent_oracle (tests.test_fairbias_enhancement_contracts.TestFairBiasEnhancementContracts.test_selection_score_matches_independent_oracle) ... ok
test_state_cache_reevaluates_when_other_feature_changes (tests.test_fairbias_enhancement_contracts.TestFairBiasEnhancementContracts.test_state_cache_reevaluates_when_other_feature_changes) ... ok
test_transactional_safety_no_mutation_on_rejection (tests.test_fairbias_enhancement_contracts.TestFairBiasEnhancementContracts.test_transactional_safety_no_mutation_on_rejection) ... ok
test_candidate_audit_events_logged (tests.test_nhis_d8_synthetic_contracts.TestNHISD8SyntheticContracts.test_candidate_audit_events_logged) ... ok
test_output_collision_prevention (tests.test_nhis_d8_synthetic_contracts.TestNHISD8SyntheticContracts.test_output_collision_prevention) ... ok
test_real_cli_records_midrun_failure_manifest (tests.test_nhis_d8_synthetic_contracts.TestNHISD8SyntheticContracts.test_real_cli_records_midrun_failure_manifest) ... ok
test_sentinel_raises_error_if_real_parquet_accessed_without_permission (tests.test_nhis_d8_synthetic_contracts.TestNHISD8SyntheticContracts.test_sentinel_raises_error_if_real_parquet_accessed_without_permission) ... ok
test_synthetic_runner_all_conditions (tests.test_nhis_d8_synthetic_contracts.TestNHISD8SyntheticContracts.test_synthetic_runner_all_conditions) ... ok

----------------------------------------------------------------------
Ran 41 tests in 3.241s

OK
